-- The C compiler identification is GNU 13.3.0
-- The CXX compiler identification is GNU 13.3.0
-- Detecting C compiler ABI info
-- Detecting C compiler ABI info - done
-- Check for working C compiler: /usr/bin/cc - skipped
-- Detecting C compile features
-- Detecting C compile features - done
-- Detecting CXX compiler ABI info
-- Detecting CXX compiler ABI info - done
-- Check for working CXX compiler: /usr/bin/c++ - skipped
-- Detecting CXX compile features
-- Detecting CXX compile features - done
-- Found ament_cmake: 2.5.4 (/opt/ros/jazzy/share/ament_cmake/cmake)
-- Found Python3: /usr/bin/python3 (found version "3.12.3") found components: Interpreter 
-- Found ament_lint_auto: 0.17.2 (/opt/ros/jazzy/share/ament_lint_auto/cmake)
-- Added test 'lint_cmake' to check CMake code style
-- Added test 'xmllint' to check XML markup files
-- Configuring done (0.7s)
-- Generating done (0.0s)
-- Build files have been written to: /home/vicky/ws_mobile/build/mobile_robot
-- Install configuration: ""
-- Installing: /home/vicky/ws_mobile/install/mobile_robot/share/ament_index/resource_index/package_run_dependencies/mobile_robot
-- Installing: /home/vicky/ws_mobile/install/mobile_robot/share/ament_index/resource_index/parent_prefix_path/mobile_robot
-- Installing: /home/vicky/ws_mobile/install/mobile_robot/share/mobile_robot/environment/ament_prefix_path.sh
-- Installing: /home/vicky/ws_mobile/install/mobile_robot/share/mobile_robot/environment/ament_prefix_path.dsv
-- Installing: /home/vicky/ws_mobile/install/mobile_robot/share/mobile_robot/environment/path.sh
-- Installing: /home/vicky/ws_mobile/install/mobile_robot/share/mobile_robot/environment/path.dsv
-- Installing: /home/vicky/ws_mobile/install/mobile_robot/share/mobile_robot/local_setup.bash
-- Installing: /home/vicky/ws_mobile/install/mobile_robot/share/mobile_robot/local_setup.sh
-- Installing: /home/vicky/ws_mobile/install/mobile_robot/share/mobile_robot/local_setup.zsh
-- Installing: /home/vicky/ws_mobile/install/mobile_robot/share/mobile_robot/local_setup.dsv
-- Installing: /home/vicky/ws_mobile/install/mobile_robot/share/mobile_robot/package.dsv
-- Installing: /home/vicky/ws_mobile/install/mobile_robot/share/ament_index/resource_index/packages/mobile_robot
-- Installing: /home/vicky/ws_mobile/install/mobile_robot/share/mobile_robot/cmake/mobile_robotConfig.cmake
-- Installing: /home/vicky/ws_mobile/install/mobile_robot/share/mobile_robot/cmake/mobile_robotConfig-version.cmake
-- Installing: /home/vicky/ws_mobile/install/mobile_robot/share/mobile_robot/package.xml
