[0.007s] Invoking command in '/home/vicky/ws_mobile/build/mobile_robot': CMAKE_PREFIX_PATH=${CMAKE_PREFIX_PATH}:/opt/ros/jazzy DEBUGINFOD_URLS=https://debuginfod.ubuntu.com /usr/bin/cmake /home/vicky/ws_mobile/src/mobile_robot -DCMAKE_INSTALL_PREFIX=/home/vicky/ws_mobile/install/mobile_robot
[0.142s] -- The C compiler identification is GNU 13.3.0
[0.241s] -- The CXX compiler identification is GNU 13.3.0
[0.255s] -- Detecting C compiler ABI info
[0.323s] -- Detecting C compiler ABI info - done
[0.330s] -- Check for working C compiler: /usr/bin/cc - skipped
[0.330s] -- Detecting C compile features
[0.330s] -- Detecting C compile features - done
[0.338s] -- Detecting CXX compiler ABI info
[0.408s] -- Detecting CXX compiler ABI info - done
[0.414s] -- Check for working CXX compiler: /usr/bin/c++ - skipped
[0.414s] -- Detecting CXX compile features
[0.415s] -- Detecting CXX compile features - done
[0.419s] -- Found ament_cmake: 2.5.4 (/opt/ros/jazzy/share/ament_cmake/cmake)
[0.530s] -- Found Python3: /usr/bin/python3 (found version "3.12.3") found components: Interpreter 
[0.632s] -- Found ament_lint_auto: 0.17.2 (/opt/ros/jazzy/share/ament_lint_auto/cmake)
[0.716s] -- Added test 'lint_cmake' to check CMake code style
[0.717s] -- Added test 'xmllint' to check XML markup files
[0.718s] -- Configuring done (0.7s)
[0.720s] -- Generating done (0.0s)
[0.721s] -- Build files have been written to: /home/vicky/ws_mobile/build/mobile_robot
[0.725s] Invoked command in '/home/vicky/ws_mobile/build/mobile_robot' returned '0': CMAKE_PREFIX_PATH=${CMAKE_PREFIX_PATH}:/opt/ros/jazzy DEBUGINFOD_URLS=https://debuginfod.ubuntu.com /usr/bin/cmake /home/vicky/ws_mobile/src/mobile_robot -DCMAKE_INSTALL_PREFIX=/home/vicky/ws_mobile/install/mobile_robot
[0.726s] Invoking command in '/home/vicky/ws_mobile/build/mobile_robot': CMAKE_PREFIX_PATH=${CMAKE_PREFIX_PATH}:/opt/ros/jazzy DEBUGINFOD_URLS=https://debuginfod.ubuntu.com /usr/bin/cmake --build /home/vicky/ws_mobile/build/mobile_robot -- -j8 -l8
[0.753s] Invoked command in '/home/vicky/ws_mobile/build/mobile_robot' returned '0': CMAKE_PREFIX_PATH=${CMAKE_PREFIX_PATH}:/opt/ros/jazzy DEBUGINFOD_URLS=https://debuginfod.ubuntu.com /usr/bin/cmake --build /home/vicky/ws_mobile/build/mobile_robot -- -j8 -l8
[0.760s] Invoking command in '/home/vicky/ws_mobile/build/mobile_robot': CMAKE_PREFIX_PATH=${CMAKE_PREFIX_PATH}:/opt/ros/jazzy DEBUGINFOD_URLS=https://debuginfod.ubuntu.com /usr/bin/cmake --install /home/vicky/ws_mobile/build/mobile_robot
[0.765s] -- Install configuration: ""
[0.765s] -- Installing: /home/vicky/ws_mobile/install/mobile_robot/share/ament_index/resource_index/package_run_dependencies/mobile_robot
[0.765s] -- Installing: /home/vicky/ws_mobile/install/mobile_robot/share/ament_index/resource_index/parent_prefix_path/mobile_robot
[0.765s] -- Installing: /home/vicky/ws_mobile/install/mobile_robot/share/mobile_robot/environment/ament_prefix_path.sh
[0.765s] -- Installing: /home/vicky/ws_mobile/install/mobile_robot/share/mobile_robot/environment/ament_prefix_path.dsv
[0.765s] -- Installing: /home/vicky/ws_mobile/install/mobile_robot/share/mobile_robot/environment/path.sh
[0.765s] -- Installing: /home/vicky/ws_mobile/install/mobile_robot/share/mobile_robot/environment/path.dsv
[0.766s] -- Installing: /home/vicky/ws_mobile/install/mobile_robot/share/mobile_robot/local_setup.bash
[0.766s] -- Installing: /home/vicky/ws_mobile/install/mobile_robot/share/mobile_robot/local_setup.sh
[0.766s] -- Installing: /home/vicky/ws_mobile/install/mobile_robot/share/mobile_robot/local_setup.zsh
[0.766s] -- Installing: /home/vicky/ws_mobile/install/mobile_robot/share/mobile_robot/local_setup.dsv
[0.766s] -- Installing: /home/vicky/ws_mobile/install/mobile_robot/share/mobile_robot/package.dsv
[0.766s] -- Installing: /home/vicky/ws_mobile/install/mobile_robot/share/ament_index/resource_index/packages/mobile_robot
[0.766s] -- Installing: /home/vicky/ws_mobile/install/mobile_robot/share/mobile_robot/cmake/mobile_robotConfig.cmake
[0.766s] -- Installing: /home/vicky/ws_mobile/install/mobile_robot/share/mobile_robot/cmake/mobile_robotConfig-version.cmake
[0.766s] -- Installing: /home/vicky/ws_mobile/install/mobile_robot/share/mobile_robot/package.xml
[0.767s] Invoked command in '/home/vicky/ws_mobile/build/mobile_robot' returned '0': CMAKE_PREFIX_PATH=${CMAKE_PREFIX_PATH}:/opt/ros/jazzy DEBUGINFOD_URLS=https://debuginfod.ubuntu.com /usr/bin/cmake --install /home/vicky/ws_mobile/build/mobile_robot
