[0.009s] Invoking command in '/home/vicky/ws_mobile/build/mobile_robot': CMAKE_PREFIX_PATH=${CMAKE_PREFIX_PATH}:/opt/ros/jazzy DEBUGINFOD_URLS=https://debuginfod.ubuntu.com /usr/bin/cmake --build /home/vicky/ws_mobile/build/mobile_robot -- -j8 -l8
[0.026s] -- Found ament_cmake: 2.5.4 (/opt/ros/jazzy/share/ament_cmake/cmake)
[0.171s] -- Found ament_lint_auto: 0.17.2 (/opt/ros/jazzy/share/ament_lint_auto/cmake)
[0.236s] -- Added test 'flake8' to check Python code syntax and style conventions
[0.236s] -- Configured 'flake8' exclude dirs and/or files: 
[0.237s] -- Added test 'lint_cmake' to check CMake code style
[0.237s] -- Added test 'pep257' to check Python code against some of the docstring style conventions in PEP 257
[0.238s] -- Added test 'xmllint' to check XML markup files
[0.238s] -- Configuring done (0.2s)
[0.240s] -- Generating done (0.0s)
[0.241s] -- Build files have been written to: /home/vicky/ws_mobile/build/mobile_robot
[0.257s] Invoked command in '/home/vicky/ws_mobile/build/mobile_robot' returned '0': CMAKE_PREFIX_PATH=${CMAKE_PREFIX_PATH}:/opt/ros/jazzy DEBUGINFOD_URLS=https://debuginfod.ubuntu.com /usr/bin/cmake --build /home/vicky/ws_mobile/build/mobile_robot -- -j8 -l8
[0.264s] Invoking command in '/home/vicky/ws_mobile/build/mobile_robot': CMAKE_PREFIX_PATH=${CMAKE_PREFIX_PATH}:/opt/ros/jazzy DEBUGINFOD_URLS=https://debuginfod.ubuntu.com /usr/bin/cmake --install /home/vicky/ws_mobile/build/mobile_robot
[0.270s] -- Install configuration: ""
[0.270s] -- Installing: /home/vicky/ws_mobile/install/mobile_robot/share/mobile_robot/launch
[0.270s] -- Installing: /home/vicky/ws_mobile/install/mobile_robot/share/mobile_robot/launch/gazebo_model.launch.py
[0.270s] -- Installing: /home/vicky/ws_mobile/install/mobile_robot/share/mobile_robot/model
[0.270s] -- Installing: /home/vicky/ws_mobile/install/mobile_robot/share/mobile_robot/model/robot.gazebo
[0.270s] -- Installing: /home/vicky/ws_mobile/install/mobile_robot/share/mobile_robot/model/robot.xacro
[0.270s] -- Installing: /home/vicky/ws_mobile/install/mobile_robot/share/mobile_robot/parameters
[0.270s] -- Installing: /home/vicky/ws_mobile/install/mobile_robot/share/mobile_robot/parameters/bridge_parameters.yaml
[0.270s] -- Installing: /home/vicky/ws_mobile/install/mobile_robot/share/ament_index/resource_index/package_run_dependencies/mobile_robot
[0.270s] -- Up-to-date: /home/vicky/ws_mobile/install/mobile_robot/share/ament_index/resource_index/parent_prefix_path/mobile_robot
[0.271s] -- Up-to-date: /home/vicky/ws_mobile/install/mobile_robot/share/mobile_robot/environment/ament_prefix_path.sh
[0.271s] -- Up-to-date: /home/vicky/ws_mobile/install/mobile_robot/share/mobile_robot/environment/ament_prefix_path.dsv
[0.271s] -- Up-to-date: /home/vicky/ws_mobile/install/mobile_robot/share/mobile_robot/environment/path.sh
[0.271s] -- Up-to-date: /home/vicky/ws_mobile/install/mobile_robot/share/mobile_robot/environment/path.dsv
[0.271s] -- Up-to-date: /home/vicky/ws_mobile/install/mobile_robot/share/mobile_robot/local_setup.bash
[0.271s] -- Up-to-date: /home/vicky/ws_mobile/install/mobile_robot/share/mobile_robot/local_setup.sh
[0.271s] -- Up-to-date: /home/vicky/ws_mobile/install/mobile_robot/share/mobile_robot/local_setup.zsh
[0.271s] -- Up-to-date: /home/vicky/ws_mobile/install/mobile_robot/share/mobile_robot/local_setup.dsv
[0.271s] -- Up-to-date: /home/vicky/ws_mobile/install/mobile_robot/share/mobile_robot/package.dsv
[0.271s] -- Up-to-date: /home/vicky/ws_mobile/install/mobile_robot/share/ament_index/resource_index/packages/mobile_robot
[0.271s] -- Up-to-date: /home/vicky/ws_mobile/install/mobile_robot/share/mobile_robot/cmake/mobile_robotConfig.cmake
[0.271s] -- Up-to-date: /home/vicky/ws_mobile/install/mobile_robot/share/mobile_robot/cmake/mobile_robotConfig-version.cmake
[0.271s] -- Installing: /home/vicky/ws_mobile/install/mobile_robot/share/mobile_robot/package.xml
[0.272s] Invoked command in '/home/vicky/ws_mobile/build/mobile_robot' returned '0': CMAKE_PREFIX_PATH=${CMAKE_PREFIX_PATH}:/opt/ros/jazzy DEBUGINFOD_URLS=https://debuginfod.ubuntu.com /usr/bin/cmake --install /home/vicky/ws_mobile/build/mobile_robot
