-- Found ament_cmake: 2.5.4 (/opt/ros/jazzy/share/ament_cmake/cmake)
-- Override CMake install command with custom implementation using symlinks instead of copying resources
-- Found xacro: 2.0.13 (/opt/ros/jazzy/share/xacro/cmake)
-- Found robot_state_publisher: 3.3.3 (/opt/ros/jazzy/share/robot_state_publisher/cmake)
-- Found rosidl_generator_c: 4.6.5 (/opt/ros/jazzy/share/rosidl_generator_c/cmake)
-- Found rosidl_generator_cpp: 4.6.5 (/opt/ros/jazzy/share/rosidl_generator_cpp/cmake)
-- Using all available rosidl_typesupport_c: rosidl_typesupport_fastrtps_c;rosidl_typesupport_introspection_c
-- Using all available rosidl_typesupport_cpp: rosidl_typesupport_fastrtps_cpp;rosidl_typesupport_introspection_cpp
-- Found rmw_implementation_cmake: 7.3.2 (/opt/ros/jazzy/share/rmw_implementation_cmake/cmake)
-- Found rmw_fastrtps_cpp: 8.4.2 (/opt/ros/jazzy/share/rmw_fastrtps_cpp/cmake)
-- Found OpenSSL: /usr/lib/x86_64-linux-gnu/libcrypto.so (found version "3.0.13")  
-- Found FastRTPS: /opt/ros/jazzy/include (Required is at least version "2.13") 
-- Using RMW implementation 'rmw_fastrtps_cpp' as default
-- Found rclpy: 7.1.4 (/opt/ros/jazzy/share/rclpy/cmake)
-- Found ros_gz_sim: 1.0.15 (/opt/ros/jazzy/share/ros_gz_sim/cmake)
-- Found ros_gz_bridge: 1.0.15 (/opt/ros/jazzy/share/ros_gz_bridge/cmake)
-- Looking for gz-msgs10 -- found version 10.3.2
-- Searching for dependencies of gz-msgs10
-- Found Protobuf: /usr/lib/x86_64-linux-gnu/libprotobuf.so (found version "3.21.12") 
-- Looking for gz-utils2 -- found version 2.2.1
-- Searching for dependencies of gz-utils2
-- Looking for gz-math7 -- found version 7.5.2
-- Searching for dependencies of gz-math7
-- Looking for gz-utils2 -- found version 2.2.1
-- Checking for module 'tinyxml2'
--   Found tinyxml2, version 10.0.0
-- Looking for gz-transport13 -- found version 13.4.1
-- Searching for dependencies of gz-transport13
-- Config-file not installed for ZeroMQ -- checking for pkg-config
-- Checking for module 'libzmq >= 4'
--   Found libzmq, version 4.3.5
-- Found ZeroMQ: TRUE (Required is at least version "4") 
-- Checking for module 'uuid'
--   Found uuid, version 2.39.3
-- Found UUID: TRUE  
-- Looking for gz-utils2 -- found version 2.2.1
-- Searching for dependencies of gz-utils2
-- Searching for <gz-utils2> component [cli]
-- Looking for gz-utils2-cli -- found version 2.2.1
-- Searching for dependencies of gz-utils2-cli
-- Looking for gz-msgs10 -- found version 10.3.2
-- Found ament_lint_auto: 0.17.2 (/opt/ros/jazzy/share/ament_lint_auto/cmake)
-- Added test 'flake8' to check Python code syntax and style conventions
-- Configured 'flake8' exclude dirs and/or files: 
-- Added test 'lint_cmake' to check CMake code style
-- Added test 'pep257' to check Python code against some of the docstring style conventions in PEP 257
-- Added test 'xmllint' to check XML markup files
-- Configuring done (2.1s)
-- Generating done (0.0s)
-- Build files have been written to: /home/vicky/ws_mobile/build/mobile_robot
-- Install configuration: ""
-- Execute custom install script
-- Up-to-date symlink: /home/vicky/ws_mobile/install/mobile_robot/share/mobile_robot/launch/gazebo_model.launch.py
-- Up-to-date symlink: /home/vicky/ws_mobile/install/mobile_robot/share/mobile_robot/model/robot.gazebo
-- Up-to-date symlink: /home/vicky/ws_mobile/install/mobile_robot/share/mobile_robot/model/robot.xacro
-- Up-to-date symlink: /home/vicky/ws_mobile/install/mobile_robot/share/mobile_robot/parameters/bridge_parameters.yaml
-- Up-to-date symlink: /home/vicky/ws_mobile/install/mobile_robot/share/ament_index/resource_index/package_run_dependencies/mobile_robot
-- Up-to-date symlink: /home/vicky/ws_mobile/install/mobile_robot/share/ament_index/resource_index/parent_prefix_path/mobile_robot
-- Up-to-date symlink: /home/vicky/ws_mobile/install/mobile_robot/share/mobile_robot/environment/ament_prefix_path.sh
-- Up-to-date symlink: /home/vicky/ws_mobile/install/mobile_robot/share/mobile_robot/environment/ament_prefix_path.dsv
-- Up-to-date symlink: /home/vicky/ws_mobile/install/mobile_robot/share/mobile_robot/environment/path.sh
-- Up-to-date symlink: /home/vicky/ws_mobile/install/mobile_robot/share/mobile_robot/environment/path.dsv
-- Up-to-date symlink: /home/vicky/ws_mobile/install/mobile_robot/share/mobile_robot/local_setup.bash
-- Up-to-date symlink: /home/vicky/ws_mobile/install/mobile_robot/share/mobile_robot/local_setup.sh
-- Up-to-date symlink: /home/vicky/ws_mobile/install/mobile_robot/share/mobile_robot/local_setup.zsh
-- Up-to-date symlink: /home/vicky/ws_mobile/install/mobile_robot/share/mobile_robot/local_setup.dsv
-- Symlinking: /home/vicky/ws_mobile/install/mobile_robot/share/mobile_robot/package.dsv
-- Up-to-date symlink: /home/vicky/ws_mobile/install/mobile_robot/share/ament_index/resource_index/packages/mobile_robot
-- Up-to-date symlink: /home/vicky/ws_mobile/install/mobile_robot/share/mobile_robot/cmake/mobile_robotConfig.cmake
-- Up-to-date symlink: /home/vicky/ws_mobile/install/mobile_robot/share/mobile_robot/cmake/mobile_robotConfig-version.cmake
-- Up-to-date symlink: /home/vicky/ws_mobile/install/mobile_robot/share/mobile_robot/package.xml
