[0.013s] Invoking command in '/home/vicky/ws_mobile/build/mobile_robot': CMAKE_PREFIX_PATH=${CMAKE_PREFIX_PATH}:/opt/ros/jazzy DEBUGINFOD_URLS=https://debuginfod.ubuntu.com /usr/bin/cmake /home/vicky/ws_mobile/src/mobile_robot -DCMAKE_INSTALL_PREFIX=/home/vicky/ws_mobile/install/mobile_robot
[0.064s] -- Found ament_cmake: 2.5.4 (/opt/ros/jazzy/share/ament_cmake/cmake)
[0.379s] -- Override CMake install command with custom implementation using symlinks instead of copying resources
[0.408s] -- Found xacro: 2.0.13 (/opt/ros/jazzy/share/xacro/cmake)
[0.414s] -- Found robot_state_publisher: 3.3.3 (/opt/ros/jazzy/share/robot_state_publisher/cmake)
[0.499s] -- Found rosidl_generator_c: 4.6.5 (/opt/ros/jazzy/share/rosidl_generator_c/cmake)
[0.518s] -- Found rosidl_generator_cpp: 4.6.5 (/opt/ros/jazzy/share/rosidl_generator_cpp/cmake)
[0.540s] -- Using all available rosidl_typesupport_c: rosidl_typesupport_fastrtps_c;rosidl_typesupport_introspection_c
[0.563s] -- Using all available rosidl_typesupport_cpp: rosidl_typesupport_fastrtps_cpp;rosidl_typesupport_introspection_cpp
[0.676s] -- Found rmw_implementation_cmake: 7.3.2 (/opt/ros/jazzy/share/rmw_implementation_cmake/cmake)
[0.680s] -- Found rmw_fastrtps_cpp: 8.4.2 (/opt/ros/jazzy/share/rmw_fastrtps_cpp/cmake)
[0.788s] -- Found OpenSSL: /usr/lib/x86_64-linux-gnu/libcrypto.so (found version "3.0.13")  
[0.825s] -- Found FastRTPS: /opt/ros/jazzy/include (Required is at least version "2.13") 
[0.850s] -- Using RMW implementation 'rmw_fastrtps_cpp' as default
[1.201s] -- Found rclpy: 7.1.4 (/opt/ros/jazzy/share/rclpy/cmake)
[1.204s] -- Found ros_gz_sim: 1.0.15 (/opt/ros/jazzy/share/ros_gz_sim/cmake)
[1.211s] -- Found ros_gz_bridge: 1.0.15 (/opt/ros/jazzy/share/ros_gz_bridge/cmake)
[1.236s] -- Looking for gz-msgs10 -- found version 10.3.2
[1.246s] -- Searching for dependencies of gz-msgs10
[1.499s] -- Found Protobuf: /usr/lib/x86_64-linux-gnu/libprotobuf.so (found version "3.21.12") 
[1.504s] -- Looking for gz-utils2 -- found version 2.2.1
[1.504s] -- Searching for dependencies of gz-utils2
[1.510s] -- Looking for gz-math7 -- found version 7.5.2
[1.510s] -- Searching for dependencies of gz-math7
[1.511s] -- Looking for gz-utils2 -- found version 2.2.1
[1.522s] -- Checking for module 'tinyxml2'
[1.548s] --   Found tinyxml2, version 10.0.0
[1.612s] -- Looking for gz-transport13 -- found version 13.4.1
[1.612s] -- Searching for dependencies of gz-transport13
[1.664s] -- Config-file not installed for ZeroMQ -- checking for pkg-config
[1.669s] -- Checking for module 'libzmq >= 4'
[1.687s] --   Found libzmq, version 4.3.5
[1.751s] -- Found ZeroMQ: TRUE (Required is at least version "4") 
[1.761s] -- Checking for module 'uuid'
[1.785s] --   Found uuid, version 2.39.3
[1.837s] -- Found UUID: TRUE  
[1.838s] -- Looking for gz-utils2 -- found version 2.2.1
[1.838s] -- Searching for dependencies of gz-utils2
[1.838s] -- Searching for <gz-utils2> component [cli]
[1.842s] -- Looking for gz-utils2-cli -- found version 2.2.1
[1.843s] -- Searching for dependencies of gz-utils2-cli
[1.844s] -- Looking for gz-msgs10 -- found version 10.3.2
[2.037s] -- Found ament_lint_auto: 0.17.2 (/opt/ros/jazzy/share/ament_lint_auto/cmake)
[2.161s] -- Added test 'flake8' to check Python code syntax and style conventions
[2.161s] -- Configured 'flake8' exclude dirs and/or files: 
[2.161s] -- Added test 'lint_cmake' to check CMake code style
[2.162s] -- Added test 'pep257' to check Python code against some of the docstring style conventions in PEP 257
[2.163s] -- Added test 'xmllint' to check XML markup files
[2.165s] -- Configuring done (2.1s)
[2.175s] -- Generating done (0.0s)
[2.180s] -- Build files have been written to: /home/vicky/ws_mobile/build/mobile_robot
[2.198s] Invoked command in '/home/vicky/ws_mobile/build/mobile_robot' returned '0': CMAKE_PREFIX_PATH=${CMAKE_PREFIX_PATH}:/opt/ros/jazzy DEBUGINFOD_URLS=https://debuginfod.ubuntu.com /usr/bin/cmake /home/vicky/ws_mobile/src/mobile_robot -DCMAKE_INSTALL_PREFIX=/home/vicky/ws_mobile/install/mobile_robot
[2.201s] Invoking command in '/home/vicky/ws_mobile/build/mobile_robot': CMAKE_PREFIX_PATH=${CMAKE_PREFIX_PATH}:/opt/ros/jazzy DEBUGINFOD_URLS=https://debuginfod.ubuntu.com /usr/bin/cmake --build /home/vicky/ws_mobile/build/mobile_robot -- -j8 -l8
[2.274s] Invoked command in '/home/vicky/ws_mobile/build/mobile_robot' returned '0': CMAKE_PREFIX_PATH=${CMAKE_PREFIX_PATH}:/opt/ros/jazzy DEBUGINFOD_URLS=https://debuginfod.ubuntu.com /usr/bin/cmake --build /home/vicky/ws_mobile/build/mobile_robot -- -j8 -l8
[2.290s] Invoking command in '/home/vicky/ws_mobile/build/mobile_robot': CMAKE_PREFIX_PATH=${CMAKE_PREFIX_PATH}:/opt/ros/jazzy DEBUGINFOD_URLS=https://debuginfod.ubuntu.com /usr/bin/cmake --install /home/vicky/ws_mobile/build/mobile_robot
[2.303s] -- Install configuration: ""
[2.304s] -- Execute custom install script
[2.304s] -- Up-to-date symlink: /home/vicky/ws_mobile/install/mobile_robot/share/mobile_robot/launch/gazebo_model.launch.py
[2.305s] -- Up-to-date symlink: /home/vicky/ws_mobile/install/mobile_robot/share/mobile_robot/model/robot.gazebo
[2.305s] -- Up-to-date symlink: /home/vicky/ws_mobile/install/mobile_robot/share/mobile_robot/model/robot.xacro
[2.306s] -- Up-to-date symlink: /home/vicky/ws_mobile/install/mobile_robot/share/mobile_robot/parameters/bridge_parameters.yaml
[2.306s] -- Up-to-date symlink: /home/vicky/ws_mobile/install/mobile_robot/share/ament_index/resource_index/package_run_dependencies/mobile_robot
[2.308s] -- Up-to-date symlink: /home/vicky/ws_mobile/install/mobile_robot/share/ament_index/resource_index/parent_prefix_path/mobile_robot
[2.308s] -- Up-to-date symlink: /home/vicky/ws_mobile/install/mobile_robot/share/mobile_robot/environment/ament_prefix_path.sh
[2.308s] -- Up-to-date symlink: /home/vicky/ws_mobile/install/mobile_robot/share/mobile_robot/environment/ament_prefix_path.dsv
[2.309s] -- Up-to-date symlink: /home/vicky/ws_mobile/install/mobile_robot/share/mobile_robot/environment/path.sh
[2.309s] -- Up-to-date symlink: /home/vicky/ws_mobile/install/mobile_robot/share/mobile_robot/environment/path.dsv
[2.309s] -- Up-to-date symlink: /home/vicky/ws_mobile/install/mobile_robot/share/mobile_robot/local_setup.bash
[2.310s] -- Up-to-date symlink: /home/vicky/ws_mobile/install/mobile_robot/share/mobile_robot/local_setup.sh
[2.310s] -- Up-to-date symlink: /home/vicky/ws_mobile/install/mobile_robot/share/mobile_robot/local_setup.zsh
[2.310s] -- Up-to-date symlink: /home/vicky/ws_mobile/install/mobile_robot/share/mobile_robot/local_setup.dsv
[2.310s] -- Symlinking: /home/vicky/ws_mobile/install/mobile_robot/share/mobile_robot/package.dsv
[2.327s] -- Up-to-date symlink: /home/vicky/ws_mobile/install/mobile_robot/share/ament_index/resource_index/packages/mobile_robot
[2.327s] -- Up-to-date symlink: /home/vicky/ws_mobile/install/mobile_robot/share/mobile_robot/cmake/mobile_robotConfig.cmake
[2.327s] -- Up-to-date symlink: /home/vicky/ws_mobile/install/mobile_robot/share/mobile_robot/cmake/mobile_robotConfig-version.cmake
[2.328s] -- Up-to-date symlink: /home/vicky/ws_mobile/install/mobile_robot/share/mobile_robot/package.xml
[2.330s] Invoked command in '/home/vicky/ws_mobile/build/mobile_robot' returned '0': CMAKE_PREFIX_PATH=${CMAKE_PREFIX_PATH}:/opt/ros/jazzy DEBUGINFOD_URLS=https://debuginfod.ubuntu.com /usr/bin/cmake --install /home/vicky/ws_mobile/build/mobile_robot
