-- The C compiler identification is GNU 13.3.0
-- The CXX compiler identification is GNU 13.3.0
-- Detecting C compiler ABI info
-- Detecting C compiler ABI info - done
-- Check for working C compiler: /usr/bin/cc - skipped
-- Detecting C compile features
-- Detecting C compile features - done
-- Detecting CXX compiler ABI info
-- Detecting CXX compiler ABI info - done
-- Check for working CXX compiler: /usr/bin/c++ - skipped
-- Detecting CXX compile features
-- Detecting CXX compile features - done
-- Found ament_cmake: 2.5.4 (/opt/ros/jazzy/share/ament_cmake/cmake)
-- Found Python3: /usr/bin/python3 (found version "3.12.3") found components: Interpreter 
-- Override CMake install command with custom implementation using symlinks instead of copying resources
-- Found ament_lint_auto: 0.17.2 (/opt/ros/jazzy/share/ament_lint_auto/cmake)
-- Added test 'flake8' to check Python code syntax and style conventions
-- Configured 'flake8' exclude dirs and/or files: 
-- Added test 'lint_cmake' to check CMake code style
-- Added test 'pep257' to check Python code against some of the docstring style conventions in PEP 257
-- Added test 'xmllint' to check XML markup files
-- Configuring done (1.3s)
-- Generating done (0.0s)
-- Build files have been written to: /home/vicky/ws_mobile/build/mobile_robot
-- Install configuration: ""
-- Execute custom install script
-- Symlinking: /home/vicky/ws_mobile/install/mobile_robot/share/mobile_robot/launch/gazebo_model.launch.py
-- Symlinking: /home/vicky/ws_mobile/install/mobile_robot/share/mobile_robot/model/robot.gazebo
-- Symlinking: /home/vicky/ws_mobile/install/mobile_robot/share/mobile_robot/model/robot.xacro
-- Symlinking: /home/vicky/ws_mobile/install/mobile_robot/share/mobile_robot/parameters/bridge_parameters.yaml
-- Symlinking: /home/vicky/ws_mobile/install/mobile_robot/share/ament_index/resource_index/package_run_dependencies/mobile_robot
-- Symlinking: /home/vicky/ws_mobile/install/mobile_robot/share/ament_index/resource_index/parent_prefix_path/mobile_robot
-- Symlinking: /home/vicky/ws_mobile/install/mobile_robot/share/mobile_robot/environment/ament_prefix_path.sh
-- Symlinking: /home/vicky/ws_mobile/install/mobile_robot/share/mobile_robot/environment/ament_prefix_path.dsv
-- Symlinking: /home/vicky/ws_mobile/install/mobile_robot/share/mobile_robot/environment/path.sh
-- Symlinking: /home/vicky/ws_mobile/install/mobile_robot/share/mobile_robot/environment/path.dsv
-- Symlinking: /home/vicky/ws_mobile/install/mobile_robot/share/mobile_robot/local_setup.bash
-- Symlinking: /home/vicky/ws_mobile/install/mobile_robot/share/mobile_robot/local_setup.sh
-- Symlinking: /home/vicky/ws_mobile/install/mobile_robot/share/mobile_robot/local_setup.zsh
-- Symlinking: /home/vicky/ws_mobile/install/mobile_robot/share/mobile_robot/local_setup.dsv
-- Symlinking: /home/vicky/ws_mobile/install/mobile_robot/share/mobile_robot/package.dsv
-- Symlinking: /home/vicky/ws_mobile/install/mobile_robot/share/ament_index/resource_index/packages/mobile_robot
-- Symlinking: /home/vicky/ws_mobile/install/mobile_robot/share/mobile_robot/cmake/mobile_robotConfig.cmake
-- Symlinking: /home/vicky/ws_mobile/install/mobile_robot/share/mobile_robot/cmake/mobile_robotConfig-version.cmake
-- Symlinking: /home/vicky/ws_mobile/install/mobile_robot/share/mobile_robot/package.xml
