[0.011s] Invoking command in '/home/vicky/ws_mobile/build/mobile_robot': CMAKE_PREFIX_PATH=${CMAKE_PREFIX_PATH}:/opt/ros/jazzy DEBUGINFOD_URLS=https://debuginfod.ubuntu.com /usr/bin/cmake /home/vicky/ws_mobile/src/mobile_robot -DAMENT_CMAKE_SYMLINK_INSTALL=1 -DCMAKE_INSTALL_PREFIX=/home/vicky/ws_mobile/install/mobile_robot
[0.195s] -- The C compiler identification is GNU 13.3.0
[0.363s] -- The CXX compiler identification is GNU 13.3.0
[0.394s] -- Detecting C compiler ABI info
[0.550s] -- Detecting C compiler ABI info - done
[0.568s] -- Check for working C compiler: /usr/bin/cc - skipped
[0.568s] -- Detecting C compile features
[0.569s] -- Detecting C compile features - done
[0.585s] -- Detecting CXX compiler ABI info
[0.749s] -- Detecting CXX compiler ABI info - done
[0.766s] -- Check for working CXX compiler: /usr/bin/c++ - skipped
[0.767s] -- Detecting CXX compile features
[0.768s] -- Detecting CXX compile features - done
[0.779s] -- Found ament_cmake: 2.5.4 (/opt/ros/jazzy/share/ament_cmake/cmake)
[1.015s] -- Found Python3: /usr/bin/python3 (found version "3.12.3") found components: Interpreter 
[1.095s] -- Override CMake install command with custom implementation using symlinks instead of copying resources
[1.181s] -- Found ament_lint_auto: 0.17.2 (/opt/ros/jazzy/share/ament_lint_auto/cmake)
[1.342s] -- Added test 'flake8' to check Python code syntax and style conventions
[1.342s] -- Configured 'flake8' exclude dirs and/or files: 
[1.344s] -- Added test 'lint_cmake' to check CMake code style
[1.346s] -- Added test 'pep257' to check Python code against some of the docstring style conventions in PEP 257
[1.349s] -- Added test 'xmllint' to check XML markup files
[1.353s] -- Configuring done (1.3s)
[1.358s] -- Generating done (0.0s)
[1.360s] -- Build files have been written to: /home/vicky/ws_mobile/build/mobile_robot
[1.368s] Invoked command in '/home/vicky/ws_mobile/build/mobile_robot' returned '0': CMAKE_PREFIX_PATH=${CMAKE_PREFIX_PATH}:/opt/ros/jazzy DEBUGINFOD_URLS=https://debuginfod.ubuntu.com /usr/bin/cmake /home/vicky/ws_mobile/src/mobile_robot -DAMENT_CMAKE_SYMLINK_INSTALL=1 -DCMAKE_INSTALL_PREFIX=/home/vicky/ws_mobile/install/mobile_robot
[1.370s] Invoking command in '/home/vicky/ws_mobile/build/mobile_robot': CMAKE_PREFIX_PATH=${CMAKE_PREFIX_PATH}:/opt/ros/jazzy DEBUGINFOD_URLS=https://debuginfod.ubuntu.com /usr/bin/cmake --build /home/vicky/ws_mobile/build/mobile_robot -- -j8 -l8
[1.436s] Invoked command in '/home/vicky/ws_mobile/build/mobile_robot' returned '0': CMAKE_PREFIX_PATH=${CMAKE_PREFIX_PATH}:/opt/ros/jazzy DEBUGINFOD_URLS=https://debuginfod.ubuntu.com /usr/bin/cmake --build /home/vicky/ws_mobile/build/mobile_robot -- -j8 -l8
[1.454s] Invoking command in '/home/vicky/ws_mobile/build/mobile_robot': CMAKE_PREFIX_PATH=${CMAKE_PREFIX_PATH}:/opt/ros/jazzy DEBUGINFOD_URLS=https://debuginfod.ubuntu.com /usr/bin/cmake --install /home/vicky/ws_mobile/build/mobile_robot
[1.467s] -- Install configuration: ""
[1.468s] -- Execute custom install script
[1.469s] -- Symlinking: /home/vicky/ws_mobile/install/mobile_robot/share/mobile_robot/launch/gazebo_model.launch.py
[1.486s] -- Symlinking: /home/vicky/ws_mobile/install/mobile_robot/share/mobile_robot/model/robot.gazebo
[1.501s] -- Symlinking: /home/vicky/ws_mobile/install/mobile_robot/share/mobile_robot/model/robot.xacro
[1.517s] -- Symlinking: /home/vicky/ws_mobile/install/mobile_robot/share/mobile_robot/parameters/bridge_parameters.yaml
[1.532s] -- Symlinking: /home/vicky/ws_mobile/install/mobile_robot/share/ament_index/resource_index/package_run_dependencies/mobile_robot
[1.544s] -- Symlinking: /home/vicky/ws_mobile/install/mobile_robot/share/ament_index/resource_index/parent_prefix_path/mobile_robot
[1.553s] -- Symlinking: /home/vicky/ws_mobile/install/mobile_robot/share/mobile_robot/environment/ament_prefix_path.sh
[1.561s] -- Symlinking: /home/vicky/ws_mobile/install/mobile_robot/share/mobile_robot/environment/ament_prefix_path.dsv
[1.572s] -- Symlinking: /home/vicky/ws_mobile/install/mobile_robot/share/mobile_robot/environment/path.sh
[1.584s] -- Symlinking: /home/vicky/ws_mobile/install/mobile_robot/share/mobile_robot/environment/path.dsv
[1.597s] -- Symlinking: /home/vicky/ws_mobile/install/mobile_robot/share/mobile_robot/local_setup.bash
[1.613s] -- Symlinking: /home/vicky/ws_mobile/install/mobile_robot/share/mobile_robot/local_setup.sh
[1.628s] -- Symlinking: /home/vicky/ws_mobile/install/mobile_robot/share/mobile_robot/local_setup.zsh
[1.644s] -- Symlinking: /home/vicky/ws_mobile/install/mobile_robot/share/mobile_robot/local_setup.dsv
[1.658s] -- Symlinking: /home/vicky/ws_mobile/install/mobile_robot/share/mobile_robot/package.dsv
[1.673s] -- Symlinking: /home/vicky/ws_mobile/install/mobile_robot/share/ament_index/resource_index/packages/mobile_robot
[1.687s] -- Symlinking: /home/vicky/ws_mobile/install/mobile_robot/share/mobile_robot/cmake/mobile_robotConfig.cmake
[1.702s] -- Symlinking: /home/vicky/ws_mobile/install/mobile_robot/share/mobile_robot/cmake/mobile_robotConfig-version.cmake
[1.718s] -- Symlinking: /home/vicky/ws_mobile/install/mobile_robot/share/mobile_robot/package.xml
[1.736s] Invoked command in '/home/vicky/ws_mobile/build/mobile_robot' returned '0': CMAKE_PREFIX_PATH=${CMAKE_PREFIX_PATH}:/opt/ros/jazzy DEBUGINFOD_URLS=https://debuginfod.ubuntu.com /usr/bin/cmake --install /home/vicky/ws_mobile/build/mobile_robot
